// Jest Snapshot v1, https://goo.gl/fbAQLP

exports[`ReportTable should render properly 1`] = `
ShallowWrapper {
  Symbol(enzyme.__root__): [Circular],
  Symbol(enzyme.__unrendered__): <ReportTable
    reports={
        Array [
            Object {
              "createdAt": "createdAt-1",
              "endedAt": "endedAt-1",
              "id": 1,
              "name": "name-1",
              "success": true,
            },
          ]
    }
/>,
  Symbol(enzyme.__renderer__): Object {
    "batchedUpdates": [Function],
    "getNode": [Function],
    "render": [Function],
    "simulateEvent": [Function],
    "unmount": [Function],
  },
  Symbol(enzyme.__node__): Object {
    "instance": null,
    "key": undefined,
    "nodeType": "class",
    "props": Object {
      "children": <WithStyles(Paper)>
        <WithStyles(Table)>
                <WithStyles(TableHead)>
                        <WithStyles(TableRow)>
                                <WithStyles(TableCell)>
                                        Status
                                </WithStyles(TableCell)>
                                <WithStyles(TableCell)>
                                        Name
                                </WithStyles(TableCell)>
                                <WithStyles(TableCell)>
                                        Started at
                                </WithStyles(TableCell)>
                                <WithStyles(TableCell)>
                                        Ended at
                                </WithStyles(TableCell)>
                        </WithStyles(TableRow)>
                </WithStyles(TableHead)>
                <WithStyles(TableBody)>
                        <WithStyles(TableRow)>
                                <WithStyles(TableCell)>
                                        Ok
                                </WithStyles(TableCell)>
                                <WithStyles(TableCell)>
                                        <Link
                                                replace={false}
                                                to="/report/1"
                                        >
                                                name-1
                                        </Link>
                                </WithStyles(TableCell)>
                                <WithStyles(TableCell)>
                                        createdAt-1
                                </WithStyles(TableCell)>
                                <WithStyles(TableCell)>
                                        endedAt-1
                                </WithStyles(TableCell)>
                        </WithStyles(TableRow)>
                </WithStyles(TableBody)>
        </WithStyles(Table)>
</WithStyles(Paper)>,
    },
    "ref": null,
    "rendered": Object {
      "instance": null,
      "key": undefined,
      "nodeType": "class",
      "props": Object {
        "children": <WithStyles(Table)>
          <WithStyles(TableHead)>
                    <WithStyles(TableRow)>
                              <WithStyles(TableCell)>
                                        Status
                              </WithStyles(TableCell)>
                              <WithStyles(TableCell)>
                                        Name
                              </WithStyles(TableCell)>
                              <WithStyles(TableCell)>
                                        Started at
                              </WithStyles(TableCell)>
                              <WithStyles(TableCell)>
                                        Ended at
                              </WithStyles(TableCell)>
                    </WithStyles(TableRow)>
          </WithStyles(TableHead)>
          <WithStyles(TableBody)>
                    <WithStyles(TableRow)>
                              <WithStyles(TableCell)>
                                        Ok
                              </WithStyles(TableCell)>
                              <WithStyles(TableCell)>
                                        <Link
                                                  replace={false}
                                                  to="/report/1"
                                        >
                                                  name-1
                                        </Link>
                              </WithStyles(TableCell)>
                              <WithStyles(TableCell)>
                                        createdAt-1
                              </WithStyles(TableCell)>
                              <WithStyles(TableCell)>
                                        endedAt-1
                              </WithStyles(TableCell)>
                    </WithStyles(TableRow)>
          </WithStyles(TableBody)>
</WithStyles(Table)>,
      },
      "ref": null,
      "rendered": Object {
        "instance": null,
        "key": undefined,
        "nodeType": "class",
        "props": Object {
          "children": Array [
            <WithStyles(TableHead)>
              <WithStyles(TableRow)>
                            <WithStyles(TableCell)>
                                          Status
                            </WithStyles(TableCell)>
                            <WithStyles(TableCell)>
                                          Name
                            </WithStyles(TableCell)>
                            <WithStyles(TableCell)>
                                          Started at
                            </WithStyles(TableCell)>
                            <WithStyles(TableCell)>
                                          Ended at
                            </WithStyles(TableCell)>
              </WithStyles(TableRow)>
</WithStyles(TableHead)>,
            <WithStyles(TableBody)>
              <WithStyles(TableRow)>
                            <WithStyles(TableCell)>
                                          Ok
                            </WithStyles(TableCell)>
                            <WithStyles(TableCell)>
                                          <Link
                                                        replace={false}
                                                        to="/report/1"
                                          >
                                                        name-1
                                          </Link>
                            </WithStyles(TableCell)>
                            <WithStyles(TableCell)>
                                          createdAt-1
                            </WithStyles(TableCell)>
                            <WithStyles(TableCell)>
                                          endedAt-1
                            </WithStyles(TableCell)>
              </WithStyles(TableRow)>
</WithStyles(TableBody)>,
          ],
        },
        "ref": null,
        "rendered": Array [
          Object {
            "instance": null,
            "key": undefined,
            "nodeType": "class",
            "props": Object {
              "children": <WithStyles(TableRow)>
                <WithStyles(TableCell)>
                                Status
                </WithStyles(TableCell)>
                <WithStyles(TableCell)>
                                Name
                </WithStyles(TableCell)>
                <WithStyles(TableCell)>
                                Started at
                </WithStyles(TableCell)>
                <WithStyles(TableCell)>
                                Ended at
                </WithStyles(TableCell)>
</WithStyles(TableRow)>,
            },
            "ref": null,
            "rendered": Object {
              "instance": null,
              "key": undefined,
              "nodeType": "class",
              "props": Object {
                "children": Array [
                  <WithStyles(TableCell)>
                    Status
</WithStyles(TableCell)>,
                  <WithStyles(TableCell)>
                    Name
</WithStyles(TableCell)>,
                  <WithStyles(TableCell)>
                    Started at
</WithStyles(TableCell)>,
                  <WithStyles(TableCell)>
                    Ended at
</WithStyles(TableCell)>,
                ],
              },
              "ref": null,
              "rendered": Array [
                Object {
                  "instance": null,
                  "key": undefined,
                  "nodeType": "class",
                  "props": Object {
                    "children": "Status",
                  },
                  "ref": null,
                  "rendered": "Status",
                  "type": [Function],
                },
                Object {
                  "instance": null,
                  "key": undefined,
                  "nodeType": "class",
                  "props": Object {
                    "children": "Name",
                  },
                  "ref": null,
                  "rendered": "Name",
                  "type": [Function],
                },
                Object {
                  "instance": null,
                  "key": undefined,
                  "nodeType": "class",
                  "props": Object {
                    "children": "Started at",
                  },
                  "ref": null,
                  "rendered": "Started at",
                  "type": [Function],
                },
                Object {
                  "instance": null,
                  "key": undefined,
                  "nodeType": "class",
                  "props": Object {
                    "children": "Ended at",
                  },
                  "ref": null,
                  "rendered": "Ended at",
                  "type": [Function],
                },
              ],
              "type": [Function],
            },
            "type": [Function],
          },
          Object {
            "instance": null,
            "key": undefined,
            "nodeType": "class",
            "props": Object {
              "children": Array [
                <WithStyles(TableRow)>
                  <WithStyles(TableCell)>
                                    Ok
                  </WithStyles(TableCell)>
                  <WithStyles(TableCell)>
                                    <Link
                                                      replace={false}
                                                      to="/report/1"
                                    >
                                                      name-1
                                    </Link>
                  </WithStyles(TableCell)>
                  <WithStyles(TableCell)>
                                    createdAt-1
                  </WithStyles(TableCell)>
                  <WithStyles(TableCell)>
                                    endedAt-1
                  </WithStyles(TableCell)>
</WithStyles(TableRow)>,
              ],
            },
            "ref": null,
            "rendered": Array [
              Object {
                "instance": null,
                "key": "1",
                "nodeType": "class",
                "props": Object {
                  "children": Array [
                    <WithStyles(TableCell)>
                      Ok
</WithStyles(TableCell)>,
                    <WithStyles(TableCell)>
                      <Link
                                            replace={false}
                                            to="/report/1"
                      >
                                            name-1
                      </Link>
</WithStyles(TableCell)>,
                    <WithStyles(TableCell)>
                      createdAt-1
</WithStyles(TableCell)>,
                    <WithStyles(TableCell)>
                      endedAt-1
</WithStyles(TableCell)>,
                  ],
                },
                "ref": null,
                "rendered": Array [
                  Object {
                    "instance": null,
                    "key": undefined,
                    "nodeType": "class",
                    "props": Object {
                      "children": "Ok",
                    },
                    "ref": null,
                    "rendered": "Ok",
                    "type": [Function],
                  },
                  Object {
                    "instance": null,
                    "key": undefined,
                    "nodeType": "class",
                    "props": Object {
                      "children": <Link
                        replace={false}
                        to="/report/1"
>
                        name-1
</Link>,
                    },
                    "ref": null,
                    "rendered": Object {
                      "instance": null,
                      "key": undefined,
                      "nodeType": "class",
                      "props": Object {
                        "children": "name-1",
                        "replace": false,
                        "to": "/report/1",
                      },
                      "ref": null,
                      "rendered": "name-1",
                      "type": [Function],
                    },
                    "type": [Function],
                  },
                  Object {
                    "instance": null,
                    "key": undefined,
                    "nodeType": "class",
                    "props": Object {
                      "children": "createdAt-1",
                    },
                    "ref": null,
                    "rendered": "createdAt-1",
                    "type": [Function],
                  },
                  Object {
                    "instance": null,
                    "key": undefined,
                    "nodeType": "class",
                    "props": Object {
                      "children": "endedAt-1",
                    },
                    "ref": null,
                    "rendered": "endedAt-1",
                    "type": [Function],
                  },
                ],
                "type": [Function],
              },
            ],
            "type": [Function],
          },
        ],
        "type": [Function],
      },
      "type": [Function],
    },
    "type": [Function],
  },
  Symbol(enzyme.__nodes__): Array [
    Object {
      "instance": null,
      "key": undefined,
      "nodeType": "class",
      "props": Object {
        "children": <WithStyles(Paper)>
          <WithStyles(Table)>
                    <WithStyles(TableHead)>
                              <WithStyles(TableRow)>
                                        <WithStyles(TableCell)>
                                                  Status
                                        </WithStyles(TableCell)>
                                        <WithStyles(TableCell)>
                                                  Name
                                        </WithStyles(TableCell)>
                                        <WithStyles(TableCell)>
                                                  Started at
                                        </WithStyles(TableCell)>
                                        <WithStyles(TableCell)>
                                                  Ended at
                                        </WithStyles(TableCell)>
                              </WithStyles(TableRow)>
                    </WithStyles(TableHead)>
                    <WithStyles(TableBody)>
                              <WithStyles(TableRow)>
                                        <WithStyles(TableCell)>
                                                  Ok
                                        </WithStyles(TableCell)>
                                        <WithStyles(TableCell)>
                                                  <Link
                                                            replace={false}
                                                            to="/report/1"
                                                  >
                                                            name-1
                                                  </Link>
                                        </WithStyles(TableCell)>
                                        <WithStyles(TableCell)>
                                                  createdAt-1
                                        </WithStyles(TableCell)>
                                        <WithStyles(TableCell)>
                                                  endedAt-1
                                        </WithStyles(TableCell)>
                              </WithStyles(TableRow)>
                    </WithStyles(TableBody)>
          </WithStyles(Table)>
</WithStyles(Paper)>,
      },
      "ref": null,
      "rendered": Object {
        "instance": null,
        "key": undefined,
        "nodeType": "class",
        "props": Object {
          "children": <WithStyles(Table)>
            <WithStyles(TableHead)>
                        <WithStyles(TableRow)>
                                    <WithStyles(TableCell)>
                                                Status
                                    </WithStyles(TableCell)>
                                    <WithStyles(TableCell)>
                                                Name
                                    </WithStyles(TableCell)>
                                    <WithStyles(TableCell)>
                                                Started at
                                    </WithStyles(TableCell)>
                                    <WithStyles(TableCell)>
                                                Ended at
                                    </WithStyles(TableCell)>
                        </WithStyles(TableRow)>
            </WithStyles(TableHead)>
            <WithStyles(TableBody)>
                        <WithStyles(TableRow)>
                                    <WithStyles(TableCell)>
                                                Ok
                                    </WithStyles(TableCell)>
                                    <WithStyles(TableCell)>
                                                <Link
                                                            replace={false}
                                                            to="/report/1"
                                                >
                                                            name-1
                                                </Link>
                                    </WithStyles(TableCell)>
                                    <WithStyles(TableCell)>
                                                createdAt-1
                                    </WithStyles(TableCell)>
                                    <WithStyles(TableCell)>
                                                endedAt-1
                                    </WithStyles(TableCell)>
                        </WithStyles(TableRow)>
            </WithStyles(TableBody)>
</WithStyles(Table)>,
        },
        "ref": null,
        "rendered": Object {
          "instance": null,
          "key": undefined,
          "nodeType": "class",
          "props": Object {
            "children": Array [
              <WithStyles(TableHead)>
                <WithStyles(TableRow)>
                                <WithStyles(TableCell)>
                                                Status
                                </WithStyles(TableCell)>
                                <WithStyles(TableCell)>
                                                Name
                                </WithStyles(TableCell)>
                                <WithStyles(TableCell)>
                                                Started at
                                </WithStyles(TableCell)>
                                <WithStyles(TableCell)>
                                                Ended at
                                </WithStyles(TableCell)>
                </WithStyles(TableRow)>
</WithStyles(TableHead)>,
              <WithStyles(TableBody)>
                <WithStyles(TableRow)>
                                <WithStyles(TableCell)>
                                                Ok
                                </WithStyles(TableCell)>
                                <WithStyles(TableCell)>
                                                <Link
                                                                replace={false}
                                                                to="/report/1"
                                                >
                                                                name-1
                                                </Link>
                                </WithStyles(TableCell)>
                                <WithStyles(TableCell)>
                                                createdAt-1
                                </WithStyles(TableCell)>
                                <WithStyles(TableCell)>
                                                endedAt-1
                                </WithStyles(TableCell)>
                </WithStyles(TableRow)>
</WithStyles(TableBody)>,
            ],
          },
          "ref": null,
          "rendered": Array [
            Object {
              "instance": null,
              "key": undefined,
              "nodeType": "class",
              "props": Object {
                "children": <WithStyles(TableRow)>
                  <WithStyles(TableCell)>
                                    Status
                  </WithStyles(TableCell)>
                  <WithStyles(TableCell)>
                                    Name
                  </WithStyles(TableCell)>
                  <WithStyles(TableCell)>
                                    Started at
                  </WithStyles(TableCell)>
                  <WithStyles(TableCell)>
                                    Ended at
                  </WithStyles(TableCell)>
</WithStyles(TableRow)>,
              },
              "ref": null,
              "rendered": Object {
                "instance": null,
                "key": undefined,
                "nodeType": "class",
                "props": Object {
                  "children": Array [
                    <WithStyles(TableCell)>
                      Status
</WithStyles(TableCell)>,
                    <WithStyles(TableCell)>
                      Name
</WithStyles(TableCell)>,
                    <WithStyles(TableCell)>
                      Started at
</WithStyles(TableCell)>,
                    <WithStyles(TableCell)>
                      Ended at
</WithStyles(TableCell)>,
                  ],
                },
                "ref": null,
                "rendered": Array [
                  Object {
                    "instance": null,
                    "key": undefined,
                    "nodeType": "class",
                    "props": Object {
                      "children": "Status",
                    },
                    "ref": null,
                    "rendered": "Status",
                    "type": [Function],
                  },
                  Object {
                    "instance": null,
                    "key": undefined,
                    "nodeType": "class",
                    "props": Object {
                      "children": "Name",
                    },
                    "ref": null,
                    "rendered": "Name",
                    "type": [Function],
                  },
                  Object {
                    "instance": null,
                    "key": undefined,
                    "nodeType": "class",
                    "props": Object {
                      "children": "Started at",
                    },
                    "ref": null,
                    "rendered": "Started at",
                    "type": [Function],
                  },
                  Object {
                    "instance": null,
                    "key": undefined,
                    "nodeType": "class",
                    "props": Object {
                      "children": "Ended at",
                    },
                    "ref": null,
                    "rendered": "Ended at",
                    "type": [Function],
                  },
                ],
                "type": [Function],
              },
              "type": [Function],
            },
            Object {
              "instance": null,
              "key": undefined,
              "nodeType": "class",
              "props": Object {
                "children": Array [
                  <WithStyles(TableRow)>
                    <WithStyles(TableCell)>
                                        Ok
                    </WithStyles(TableCell)>
                    <WithStyles(TableCell)>
                                        <Link
                                                            replace={false}
                                                            to="/report/1"
                                        >
                                                            name-1
                                        </Link>
                    </WithStyles(TableCell)>
                    <WithStyles(TableCell)>
                                        createdAt-1
                    </WithStyles(TableCell)>
                    <WithStyles(TableCell)>
                                        endedAt-1
                    </WithStyles(TableCell)>
</WithStyles(TableRow)>,
                ],
              },
              "ref": null,
              "rendered": Array [
                Object {
                  "instance": null,
                  "key": "1",
                  "nodeType": "class",
                  "props": Object {
                    "children": Array [
                      <WithStyles(TableCell)>
                        Ok
</WithStyles(TableCell)>,
                      <WithStyles(TableCell)>
                        <Link
                                                replace={false}
                                                to="/report/1"
                        >
                                                name-1
                        </Link>
</WithStyles(TableCell)>,
                      <WithStyles(TableCell)>
                        createdAt-1
</WithStyles(TableCell)>,
                      <WithStyles(TableCell)>
                        endedAt-1
</WithStyles(TableCell)>,
                    ],
                  },
                  "ref": null,
                  "rendered": Array [
                    Object {
                      "instance": null,
                      "key": undefined,
                      "nodeType": "class",
                      "props": Object {
                        "children": "Ok",
                      },
                      "ref": null,
                      "rendered": "Ok",
                      "type": [Function],
                    },
                    Object {
                      "instance": null,
                      "key": undefined,
                      "nodeType": "class",
                      "props": Object {
                        "children": <Link
                          replace={false}
                          to="/report/1"
>
                          name-1
</Link>,
                      },
                      "ref": null,
                      "rendered": Object {
                        "instance": null,
                        "key": undefined,
                        "nodeType": "class",
                        "props": Object {
                          "children": "name-1",
                          "replace": false,
                          "to": "/report/1",
                        },
                        "ref": null,
                        "rendered": "name-1",
                        "type": [Function],
                      },
                      "type": [Function],
                    },
                    Object {
                      "instance": null,
                      "key": undefined,
                      "nodeType": "class",
                      "props": Object {
                        "children": "createdAt-1",
                      },
                      "ref": null,
                      "rendered": "createdAt-1",
                      "type": [Function],
                    },
                    Object {
                      "instance": null,
                      "key": undefined,
                      "nodeType": "class",
                      "props": Object {
                        "children": "endedAt-1",
                      },
                      "ref": null,
                      "rendered": "endedAt-1",
                      "type": [Function],
                    },
                  ],
                  "type": [Function],
                },
              ],
              "type": [Function],
            },
          ],
          "type": [Function],
        },
        "type": [Function],
      },
      "type": [Function],
    },
  ],
  Symbol(enzyme.__options__): Object {
    "adapter": ReactSixteenAdapter {
      "options": Object {
        "enableComponentDidUpdateOnSetState": true,
        "lifecycles": Object {
          "componentDidUpdate": Object {
            "onSetState": true,
          },
          "getSnapshotBeforeUpdate": true,
        },
      },
    },
    "attachTo": undefined,
    "hydrateIn": undefined,
  },
}
`;
