// Jest Snapshot v1, https://goo.gl/fbAQLP

exports[`ReportDetail should render properly 1`] = `
ShallowWrapper {
  Symbol(enzyme.__root__): [Circular],
  Symbol(enzyme.__unrendered__): <ReportDetail
    classes={
        Object {
            "root": "ReportDetail-root-1",
          }
    }
    report={
        Object {
            "createdAt": "createdAt-1",
            "id": 1,
            "name": "name-1",
            "success": true,
          }
    }
/>,
  Symbol(enzyme.__renderer__): Object {
    "batchedUpdates": [Function],
    "getNode": [Function],
    "render": [Function],
    "simulateEvent": [Function],
    "unmount": [Function],
  },
  Symbol(enzyme.__node__): Object {
    "instance": null,
    "key": undefined,
    "nodeType": "class",
    "props": Object {
      "children": <WithStyles(Paper)
        className="ReportDetail-root-1"
>
        <WithStyles(Grid)
                container={true}
                direction="column"
                spacing={16}
        >
                <WithStyles(Grid)
                        item={true}
                >
                        <WithStyles(Typography)>
                                Name
                        </WithStyles(Typography)>
                        <WithStyles(Typography)
                                variant="headline"
                        >
                                name-1
                        </WithStyles(Typography)>
                </WithStyles(Grid)>
                <WithStyles(Grid)
                        item={true}
                >
                        <WithStyles(Typography)>
                                Success
                        </WithStyles(Typography)>
                        <WithStyles(Typography)
                                variant="headline"
                        >
                                Ok
                        </WithStyles(Typography)>
                </WithStyles(Grid)>
                <WithStyles(Grid)
                        item={true}
                >
                        <WithStyles(Typography)>
                                Created at
                        </WithStyles(Typography)>
                        <WithStyles(Typography)
                                variant="headline"
                        >
                                createdAt-1
                        </WithStyles(Typography)>
                </WithStyles(Grid)>
                <WithStyles(Grid)
                        item={true}
                >
                        <WithStyles(Typography)>
                                Log
                        </WithStyles(Typography)>
                        <WithStyles(Typography)
                                variant="headline"
                        />
                </WithStyles(Grid)>
        </WithStyles(Grid)>
</WithStyles(Paper)>,
    },
    "ref": null,
    "rendered": Object {
      "instance": null,
      "key": undefined,
      "nodeType": "class",
      "props": Object {
        "children": <WithStyles(Grid)
          container={true}
          direction="column"
          spacing={16}
>
          <WithStyles(Grid)
                    item={true}
          >
                    <WithStyles(Typography)>
                              Name
                    </WithStyles(Typography)>
                    <WithStyles(Typography)
                              variant="headline"
                    >
                              name-1
                    </WithStyles(Typography)>
          </WithStyles(Grid)>
          <WithStyles(Grid)
                    item={true}
          >
                    <WithStyles(Typography)>
                              Success
                    </WithStyles(Typography)>
                    <WithStyles(Typography)
                              variant="headline"
                    >
                              Ok
                    </WithStyles(Typography)>
          </WithStyles(Grid)>
          <WithStyles(Grid)
                    item={true}
          >
                    <WithStyles(Typography)>
                              Created at
                    </WithStyles(Typography)>
                    <WithStyles(Typography)
                              variant="headline"
                    >
                              createdAt-1
                    </WithStyles(Typography)>
          </WithStyles(Grid)>
          <WithStyles(Grid)
                    item={true}
          >
                    <WithStyles(Typography)>
                              Log
                    </WithStyles(Typography)>
                    <WithStyles(Typography)
                              variant="headline"
                    />
          </WithStyles(Grid)>
</WithStyles(Grid)>,
        "className": "ReportDetail-root-1",
      },
      "ref": null,
      "rendered": Object {
        "instance": null,
        "key": undefined,
        "nodeType": "class",
        "props": Object {
          "children": Array [
            <WithStyles(Grid)
              item={true}
>
              <WithStyles(Typography)>
                            Name
              </WithStyles(Typography)>
              <WithStyles(Typography)
                            variant="headline"
              >
                            name-1
              </WithStyles(Typography)>
</WithStyles(Grid)>,
            <WithStyles(Grid)
              item={true}
>
              <WithStyles(Typography)>
                            Success
              </WithStyles(Typography)>
              <WithStyles(Typography)
                            variant="headline"
              >
                            Ok
              </WithStyles(Typography)>
</WithStyles(Grid)>,
            <WithStyles(Grid)
              item={true}
>
              <WithStyles(Typography)>
                            Created at
              </WithStyles(Typography)>
              <WithStyles(Typography)
                            variant="headline"
              >
                            createdAt-1
              </WithStyles(Typography)>
</WithStyles(Grid)>,
            <WithStyles(Grid)
              item={true}
>
              <WithStyles(Typography)>
                            Log
              </WithStyles(Typography)>
              <WithStyles(Typography)
                            variant="headline"
              />
</WithStyles(Grid)>,
          ],
          "container": true,
          "direction": "column",
          "spacing": 16,
        },
        "ref": null,
        "rendered": Array [
          Object {
            "instance": null,
            "key": undefined,
            "nodeType": "class",
            "props": Object {
              "children": Array [
                <WithStyles(Typography)>
                  Name
</WithStyles(Typography)>,
                <WithStyles(Typography)
                  variant="headline"
>
                  name-1
</WithStyles(Typography)>,
              ],
              "item": true,
            },
            "ref": null,
            "rendered": Array [
              Object {
                "instance": null,
                "key": undefined,
                "nodeType": "class",
                "props": Object {
                  "children": "Name",
                },
                "ref": null,
                "rendered": "Name",
                "type": [Function],
              },
              Object {
                "instance": null,
                "key": undefined,
                "nodeType": "class",
                "props": Object {
                  "children": "name-1",
                  "variant": "headline",
                },
                "ref": null,
                "rendered": "name-1",
                "type": [Function],
              },
            ],
            "type": [Function],
          },
          Object {
            "instance": null,
            "key": undefined,
            "nodeType": "class",
            "props": Object {
              "children": Array [
                <WithStyles(Typography)>
                  Success
</WithStyles(Typography)>,
                <WithStyles(Typography)
                  variant="headline"
>
                  Ok
</WithStyles(Typography)>,
              ],
              "item": true,
            },
            "ref": null,
            "rendered": Array [
              Object {
                "instance": null,
                "key": undefined,
                "nodeType": "class",
                "props": Object {
                  "children": "Success",
                },
                "ref": null,
                "rendered": "Success",
                "type": [Function],
              },
              Object {
                "instance": null,
                "key": undefined,
                "nodeType": "class",
                "props": Object {
                  "children": "Ok",
                  "variant": "headline",
                },
                "ref": null,
                "rendered": "Ok",
                "type": [Function],
              },
            ],
            "type": [Function],
          },
          Object {
            "instance": null,
            "key": undefined,
            "nodeType": "class",
            "props": Object {
              "children": Array [
                <WithStyles(Typography)>
                  Created at
</WithStyles(Typography)>,
                <WithStyles(Typography)
                  variant="headline"
>
                  createdAt-1
</WithStyles(Typography)>,
              ],
              "item": true,
            },
            "ref": null,
            "rendered": Array [
              Object {
                "instance": null,
                "key": undefined,
                "nodeType": "class",
                "props": Object {
                  "children": "Created at",
                },
                "ref": null,
                "rendered": "Created at",
                "type": [Function],
              },
              Object {
                "instance": null,
                "key": undefined,
                "nodeType": "class",
                "props": Object {
                  "children": "createdAt-1",
                  "variant": "headline",
                },
                "ref": null,
                "rendered": "createdAt-1",
                "type": [Function],
              },
            ],
            "type": [Function],
          },
          Object {
            "instance": null,
            "key": undefined,
            "nodeType": "class",
            "props": Object {
              "children": Array [
                <WithStyles(Typography)>
                  Log
</WithStyles(Typography)>,
                <WithStyles(Typography)
                  variant="headline"
/>,
              ],
              "item": true,
            },
            "ref": null,
            "rendered": Array [
              Object {
                "instance": null,
                "key": undefined,
                "nodeType": "class",
                "props": Object {
                  "children": "Log",
                },
                "ref": null,
                "rendered": "Log",
                "type": [Function],
              },
              Object {
                "instance": null,
                "key": undefined,
                "nodeType": "class",
                "props": Object {
                  "children": undefined,
                  "variant": "headline",
                },
                "ref": null,
                "rendered": null,
                "type": [Function],
              },
            ],
            "type": [Function],
          },
        ],
        "type": [Function],
      },
      "type": [Function],
    },
    "type": [Function],
  },
  Symbol(enzyme.__nodes__): Array [
    Object {
      "instance": null,
      "key": undefined,
      "nodeType": "class",
      "props": Object {
        "children": <WithStyles(Paper)
          className="ReportDetail-root-1"
>
          <WithStyles(Grid)
                    container={true}
                    direction="column"
                    spacing={16}
          >
                    <WithStyles(Grid)
                              item={true}
                    >
                              <WithStyles(Typography)>
                                        Name
                              </WithStyles(Typography)>
                              <WithStyles(Typography)
                                        variant="headline"
                              >
                                        name-1
                              </WithStyles(Typography)>
                    </WithStyles(Grid)>
                    <WithStyles(Grid)
                              item={true}
                    >
                              <WithStyles(Typography)>
                                        Success
                              </WithStyles(Typography)>
                              <WithStyles(Typography)
                                        variant="headline"
                              >
                                        Ok
                              </WithStyles(Typography)>
                    </WithStyles(Grid)>
                    <WithStyles(Grid)
                              item={true}
                    >
                              <WithStyles(Typography)>
                                        Created at
                              </WithStyles(Typography)>
                              <WithStyles(Typography)
                                        variant="headline"
                              >
                                        createdAt-1
                              </WithStyles(Typography)>
                    </WithStyles(Grid)>
                    <WithStyles(Grid)
                              item={true}
                    >
                              <WithStyles(Typography)>
                                        Log
                              </WithStyles(Typography)>
                              <WithStyles(Typography)
                                        variant="headline"
                              />
                    </WithStyles(Grid)>
          </WithStyles(Grid)>
</WithStyles(Paper)>,
      },
      "ref": null,
      "rendered": Object {
        "instance": null,
        "key": undefined,
        "nodeType": "class",
        "props": Object {
          "children": <WithStyles(Grid)
            container={true}
            direction="column"
            spacing={16}
>
            <WithStyles(Grid)
                        item={true}
            >
                        <WithStyles(Typography)>
                                    Name
                        </WithStyles(Typography)>
                        <WithStyles(Typography)
                                    variant="headline"
                        >
                                    name-1
                        </WithStyles(Typography)>
            </WithStyles(Grid)>
            <WithStyles(Grid)
                        item={true}
            >
                        <WithStyles(Typography)>
                                    Success
                        </WithStyles(Typography)>
                        <WithStyles(Typography)
                                    variant="headline"
                        >
                                    Ok
                        </WithStyles(Typography)>
            </WithStyles(Grid)>
            <WithStyles(Grid)
                        item={true}
            >
                        <WithStyles(Typography)>
                                    Created at
                        </WithStyles(Typography)>
                        <WithStyles(Typography)
                                    variant="headline"
                        >
                                    createdAt-1
                        </WithStyles(Typography)>
            </WithStyles(Grid)>
            <WithStyles(Grid)
                        item={true}
            >
                        <WithStyles(Typography)>
                                    Log
                        </WithStyles(Typography)>
                        <WithStyles(Typography)
                                    variant="headline"
                        />
            </WithStyles(Grid)>
</WithStyles(Grid)>,
          "className": "ReportDetail-root-1",
        },
        "ref": null,
        "rendered": Object {
          "instance": null,
          "key": undefined,
          "nodeType": "class",
          "props": Object {
            "children": Array [
              <WithStyles(Grid)
                item={true}
>
                <WithStyles(Typography)>
                                Name
                </WithStyles(Typography)>
                <WithStyles(Typography)
                                variant="headline"
                >
                                name-1
                </WithStyles(Typography)>
</WithStyles(Grid)>,
              <WithStyles(Grid)
                item={true}
>
                <WithStyles(Typography)>
                                Success
                </WithStyles(Typography)>
                <WithStyles(Typography)
                                variant="headline"
                >
                                Ok
                </WithStyles(Typography)>
</WithStyles(Grid)>,
              <WithStyles(Grid)
                item={true}
>
                <WithStyles(Typography)>
                                Created at
                </WithStyles(Typography)>
                <WithStyles(Typography)
                                variant="headline"
                >
                                createdAt-1
                </WithStyles(Typography)>
</WithStyles(Grid)>,
              <WithStyles(Grid)
                item={true}
>
                <WithStyles(Typography)>
                                Log
                </WithStyles(Typography)>
                <WithStyles(Typography)
                                variant="headline"
                />
</WithStyles(Grid)>,
            ],
            "container": true,
            "direction": "column",
            "spacing": 16,
          },
          "ref": null,
          "rendered": Array [
            Object {
              "instance": null,
              "key": undefined,
              "nodeType": "class",
              "props": Object {
                "children": Array [
                  <WithStyles(Typography)>
                    Name
</WithStyles(Typography)>,
                  <WithStyles(Typography)
                    variant="headline"
>
                    name-1
</WithStyles(Typography)>,
                ],
                "item": true,
              },
              "ref": null,
              "rendered": Array [
                Object {
                  "instance": null,
                  "key": undefined,
                  "nodeType": "class",
                  "props": Object {
                    "children": "Name",
                  },
                  "ref": null,
                  "rendered": "Name",
                  "type": [Function],
                },
                Object {
                  "instance": null,
                  "key": undefined,
                  "nodeType": "class",
                  "props": Object {
                    "children": "name-1",
                    "variant": "headline",
                  },
                  "ref": null,
                  "rendered": "name-1",
                  "type": [Function],
                },
              ],
              "type": [Function],
            },
            Object {
              "instance": null,
              "key": undefined,
              "nodeType": "class",
              "props": Object {
                "children": Array [
                  <WithStyles(Typography)>
                    Success
</WithStyles(Typography)>,
                  <WithStyles(Typography)
                    variant="headline"
>
                    Ok
</WithStyles(Typography)>,
                ],
                "item": true,
              },
              "ref": null,
              "rendered": Array [
                Object {
                  "instance": null,
                  "key": undefined,
                  "nodeType": "class",
                  "props": Object {
                    "children": "Success",
                  },
                  "ref": null,
                  "rendered": "Success",
                  "type": [Function],
                },
                Object {
                  "instance": null,
                  "key": undefined,
                  "nodeType": "class",
                  "props": Object {
                    "children": "Ok",
                    "variant": "headline",
                  },
                  "ref": null,
                  "rendered": "Ok",
                  "type": [Function],
                },
              ],
              "type": [Function],
            },
            Object {
              "instance": null,
              "key": undefined,
              "nodeType": "class",
              "props": Object {
                "children": Array [
                  <WithStyles(Typography)>
                    Created at
</WithStyles(Typography)>,
                  <WithStyles(Typography)
                    variant="headline"
>
                    createdAt-1
</WithStyles(Typography)>,
                ],
                "item": true,
              },
              "ref": null,
              "rendered": Array [
                Object {
                  "instance": null,
                  "key": undefined,
                  "nodeType": "class",
                  "props": Object {
                    "children": "Created at",
                  },
                  "ref": null,
                  "rendered": "Created at",
                  "type": [Function],
                },
                Object {
                  "instance": null,
                  "key": undefined,
                  "nodeType": "class",
                  "props": Object {
                    "children": "createdAt-1",
                    "variant": "headline",
                  },
                  "ref": null,
                  "rendered": "createdAt-1",
                  "type": [Function],
                },
              ],
              "type": [Function],
            },
            Object {
              "instance": null,
              "key": undefined,
              "nodeType": "class",
              "props": Object {
                "children": Array [
                  <WithStyles(Typography)>
                    Log
</WithStyles(Typography)>,
                  <WithStyles(Typography)
                    variant="headline"
/>,
                ],
                "item": true,
              },
              "ref": null,
              "rendered": Array [
                Object {
                  "instance": null,
                  "key": undefined,
                  "nodeType": "class",
                  "props": Object {
                    "children": "Log",
                  },
                  "ref": null,
                  "rendered": "Log",
                  "type": [Function],
                },
                Object {
                  "instance": null,
                  "key": undefined,
                  "nodeType": "class",
                  "props": Object {
                    "children": undefined,
                    "variant": "headline",
                  },
                  "ref": null,
                  "rendered": null,
                  "type": [Function],
                },
              ],
              "type": [Function],
            },
          ],
          "type": [Function],
        },
        "type": [Function],
      },
      "type": [Function],
    },
  ],
  Symbol(enzyme.__options__): Object {
    "adapter": ReactSixteenAdapter {
      "options": Object {
        "enableComponentDidUpdateOnSetState": true,
        "lifecycles": Object {
          "componentDidUpdate": Object {
            "onSetState": true,
          },
          "getSnapshotBeforeUpdate": true,
        },
      },
    },
    "attachTo": undefined,
    "hydrateIn": undefined,
  },
}
`;
